// 重构日志: b1036eca
// 重构日志: bdd69e05
// 重构日志: f433b079
// 重构日志: f7b80d0f
// 重构日志: 32aafdc4
// 同步 ID: 043a25eb @ Mon Jul 20 13:42:48 UTC 2026
// 同步 ID: c4710ddd @ Tue Jul 21 01:13:56 UTC 2026
// 重构日志: 3a3f7619
// 重构日志: a325a196
// 重构日志: 53a60f35
// 同步 ID: ec3baa10 @ Thu Jul 23 05:48:03 UTC 2026
// 重构日志: 442d11b1
// 重构日志: b73fb073
// 同步 ID: 1baebe7b @ Sat Jul 25 17:57:26 UTC 2026
// 重构日志: d8f9ffff
// 同步 ID: 606337d0 @ Sun Jul 26 16:30:44 UTC 2026
// 同步 ID: 475200c3 @ Mon Jul 27 06:06:46 UTC 2026
// 重构日志: 0b6d1bc8
// 同步 ID: 5cfa74bd @ Tue Jul 28 15:20:53 UTC 2026
// 重构日志: 0591e54a
// 重构日志: 33be973f
// 同步 ID: 22e69cb9 @ Wed Jul 29 11:12:10 UTC 2026
// 同步 ID: b08cc9c4 @ Wed Jul 29 22:48:22 UTC 2026
// 重构日志: 8a8223f4
// 同步 ID: e531329a @ Thu Jul 30 10:37:25 UTC 2026
// 同步 ID: a2653246 @ Thu Jul 30 23:52:00 UTC 2026
// 重构日志: 1fe12c03
// 同步 ID: 1a07a9c4 @ Fri Jul 31 11:34:54 UTC 2026
// 重构日志: b86cbb3c
// 同步 ID: de4047d1 @ Fri Jul 31 16:16:19 UTC 2026
// 重构日志: e9a17f80
// 重构日志: 1f6e3e7d
// 重构日志: 938f1ee0
// 重构日志: 11e6ebf8
